10:06:08 **** Incremental Build of configuration Debug for project mcu_lab2 ****
make -j8 all 
arm-none-eabi-gcc "../Core/Src/main.c" -mcpu=cortex-m3 -std=gnu11 -g3 -DDEBUG -DUSE_HAL_DRIVER -DSTM32F103x6 -c -I../Core/Inc -I../Drivers/STM32F1xx_HAL_Driver/Inc -I../Drivers/STM32F1xx_HAL_Driver/Inc/Legacy -I../Drivers/CMSIS/Device/ST/STM32F1xx/Include -I../Drivers/CMSIS/Include -O0 -ffunction-sections -fdata-sections -Wall -fstack-usage -MMD -MP -MF"Core/Src/main.d" -MT"Core/Src/main.o" --specs=nano.specs -mfloat-abi=soft -mthumb -o "Core/Src/main.o"
arm-none-eabi-gcc -o "mcu_lab2.elf" @"objects.list"   -mcpu=cortex-m3 -T"C:\Users\nguye\Documents\GitHub\MCU-LAB2\mcu_lab2\STM32F103C6UX_FLASH.ld" --specs=nosys.specs -Wl,-Map="mcu_lab2.map" -Wl,--gc-sections -static --specs=nano.specs -mfloat-abi=soft -mthumb -Wl,--start-group -lc -lm -Wl,--end-group
Finished building target: mcu_lab2.elf
 
arm-none-eabi-size   mcu_lab2.elf 
arm-none-eabi-objdump -h -S  mcu_lab2.elf  > "mcu_lab2.list"
arm-none-eabi-objcopy  -O ihex  mcu_lab2.elf  "mcu_lab2.hex"
   text	   data	    bss	    dec	    hex	filename
   8412	     36	   1668	  10116	   2784	mcu_lab2.elf
arm-none-eabi-objcopy  -O binary  mcu_lab2.elf  "mcu_lab2.bin"
Finished building: default.size.stdout
 
Finished building: mcu_lab2.hex
Finished building: mcu_lab2.bin
Finished building: mcu_lab2.list
 
 
 
